DELETE /api/v1/iam/abac/conditions/{id}                     oa:iam:admin
DELETE /api/v1/iam/delegations/{id}                         oa:iam:delegate
DELETE /api/v1/iam/grants/{grantId}                         oa:iam:revoke
DELETE /api/v1/iam/groups/{id}/members/{userId}             oa:iam:admin
DELETE /api/v1/iam/role-admin/{id}                          oa:iam:admin
DELETE /api/v1/org/employees/assignments/{assignmentId}     oa:employee:transfer
DELETE /api/v1/org/seed                                     oa:org:admin
DELETE /api/v1/org/units/{orgId}                            oa:org:dissolve
GET    /api/v1/admin-biz/assets                             oa:asset:read
GET    /api/v1/admin-biz/rooms                              oa:room:book
GET    /api/v1/admin-biz/rooms/{roomId}/bookings            oa:room:book
GET    /api/v1/admin-biz/supplies                           oa:supply:request
GET    /api/v1/admin-biz/vehicles                           oa:vehicle:book
GET    /api/v1/admin-biz/visitors                           oa:visitor:invite
GET    /api/v1/attendance/admin/stats                       oa:attendance:admin
GET    /api/v1/attendance/me                                oa:attendance:view
GET    /api/v1/doc/kb                                       oa:kb:read
GET    /api/v1/doc/kb/authorizer                            oa:kb:share
GET    /api/v1/doc/kb/{id}                                  oa:kb:read
GET    /api/v1/doc/kb/{id}/explain                          oa:kb:share
GET    /api/v1/doc/official                                 oa:doc:read
GET    /api/v1/flow/admin/status                            oa:flow:admin
GET    /api/v1/flow/docs/mine                               oa:doc-flow:submit
GET    /api/v1/flow/docs/types                              oa:doc-flow:submit
GET    /api/v1/flow/leave/balances                          oa:leave:apply
GET    /api/v1/flow/leave/types                             oa:leave:apply
GET    /api/v1/flow/leave/{requestNo}                       oa:leave:view
GET    /api/v1/flow/todos                                   oa:flow:todo:view
GET    /api/v1/flow/todos/count                             oa:flow:todo:view
GET    /api/v1/flow/todos/mine                              oa:flow:todo:view
GET    /api/v1/iam/abac/conditions                          oa:iam:admin
GET    /api/v1/iam/admin/bench                              oa:iam:admin
GET    /api/v1/iam/admin/cache-stats                        oa:iam:admin
GET    /api/v1/iam/admin/explain                            oa:iam:admin
GET    /api/v1/iam/admin/preview                            oa:iam:admin
GET    /api/v1/iam/admin/why                                oa:iam:admin
GET    /api/v1/iam/delegations                              oa:iam:delegate
GET    /api/v1/iam/elevation-requests                       oa:iam:elevation:approve
GET    /api/v1/iam/elevation-requests/mine                  oa:iam:elevate
GET    /api/v1/iam/elevations/mine                          oa:iam:elevate
GET    /api/v1/iam/grants                                   oa:iam:view
GET    /api/v1/iam/groups                                   oa:iam:admin
GET    /api/v1/iam/groups/{id}/members                      oa:iam:admin
GET    /api/v1/iam/permissions/catalog                      oa:iam:view
GET    /api/v1/iam/role-admin                               oa:iam:admin
GET    /api/v1/iam/role-admin/{id}                          oa:iam:admin
GET    /api/v1/iam/roles                                    oa:iam:view
GET    /api/v1/iam/roles/mine                               oa:iam:elevate
GET    /api/v1/me/permissions                               (public)
GET    /api/v1/org/directory                                oa:employee:view
GET    /api/v1/org/directory/count                          oa:employee:view
GET    /api/v1/org/directory/delta                          oa:employee:view
GET    /api/v1/org/directory/page                           oa:employee:view
GET    /api/v1/org/employees/by-user/{userId}               oa:employee:view
GET    /api/v1/org/employees/by-user/{userId}/as-of         oa:employee:view
GET    /api/v1/org/employees/by-user/{userId}/assignments   oa:employee:view
GET    /api/v1/org/employees/by-user/{userId}/manager-chain oa:employee:view
GET    /api/v1/org/units/cache-stats                        oa:org:admin
GET    /api/v1/org/units/consistency                        oa:org:admin
GET    /api/v1/org/units/tree                               oa:org:view
GET    /api/v1/org/units/{orgId}                            oa:org:view
GET    /api/v1/org/units/{orgId}/ancestors                  oa:org:view
GET    /api/v1/org/units/{orgId}/descendants                oa:org:view
GET    /api/v1/report/approval-efficiency                   oa:report:view
GET    /api/v1/report/attendance                            oa:report:view
GET    /api/v1/report/audit                                 oa:audit:view [需提权]
GET    /api/v1/report/audit/stats                           oa:report:view
GET    /api/v1/report/headcount                             oa:report:view
GET    /api/v1/report/overview                              oa:report:view
GET    /api/v1/system/ping                                  (public)
POST   /api/v1/admin-biz/assets/claim                       oa:asset:claim
POST   /api/v1/admin-biz/assets/{id}/return                 oa:asset:claim
POST   /api/v1/admin-biz/rooms/bookings                     oa:room:book
POST   /api/v1/admin-biz/rooms/bookings/{id}/cancel         oa:room:book
POST   /api/v1/admin-biz/supplies/requests                  oa:supply:request
POST   /api/v1/admin-biz/vehicles/bookings                  oa:vehicle:book
POST   /api/v1/admin-biz/visitors                           oa:visitor:invite
POST   /api/v1/admin-biz/visitors/{id}/check-in             oa:visitor:manage
POST   /api/v1/admin-biz/visitors/{id}/check-out            oa:visitor:manage
POST   /api/v1/attendance/daily-compute                     oa:attendance:admin
POST   /api/v1/attendance/punch                             oa:attendance:punch
POST   /api/v1/doc/kb                                       oa:kb:write
POST   /api/v1/doc/kb/share                                 oa:kb:share
POST   /api/v1/doc/official                                 oa:doc:draft
POST   /api/v1/doc/official/{id}/archive                    oa:doc:archive
POST   /api/v1/doc/official/{id}/issue                      oa:doc:issue
POST   /api/v1/flow/docs                                    oa:doc-flow:submit
POST   /api/v1/flow/leave                                   oa:leave:apply
POST   /api/v1/flow/leave/balances/grant                    oa:leave:grant
POST   /api/v1/flow/todos/{taskId}/complete                 oa:flow:todo:handle
POST   /api/v1/iam/abac/conditions                          oa:iam:admin
POST   /api/v1/iam/abac/conditions/{id}/enabled             oa:iam:admin
POST   /api/v1/iam/abac/validate                            oa:iam:admin
POST   /api/v1/iam/admin/reclaim-expired                    oa:iam:admin
POST   /api/v1/iam/delegations                              oa:iam:delegate
POST   /api/v1/iam/elevation-requests/{id}/approve          oa:iam:elevation:approve
POST   /api/v1/iam/elevation-requests/{id}/reject           oa:iam:elevation:approve
POST   /api/v1/iam/elevations                               oa:iam:elevate
POST   /api/v1/iam/grants                                   oa:iam:grant
POST   /api/v1/iam/groups                                   oa:iam:admin
POST   /api/v1/iam/groups/{id}/enabled                      oa:iam:admin
POST   /api/v1/iam/groups/{id}/members                      oa:iam:admin
POST   /api/v1/iam/role-admin                               oa:iam:admin
POST   /api/v1/iam/role-admin/{id}/copy                     oa:iam:admin
POST   /api/v1/iam/role-admin/{id}/enabled                  oa:iam:admin
POST   /api/v1/org/employees                                oa:employee:create
POST   /api/v1/org/employees/{employeeId}/assignments       oa:employee:transfer
POST   /api/v1/org/employees/{employeeId}/leave             oa:employee:leave
POST   /api/v1/org/employees/{employeeId}/transfer          oa:employee:transfer
POST   /api/v1/org/seed                                     oa:org:admin
POST   /api/v1/org/units                                    oa:org:create
POST   /api/v1/org/units/path-prefixes                      oa:org:view
POST   /api/v1/report/audit/flush                           oa:report:view
PUT    /api/v1/doc/kb/{id}                                  oa:kb:read
PUT    /api/v1/iam/abac/conditions/{id}                     oa:iam:admin
PUT    /api/v1/iam/groups/{id}                              oa:iam:admin
PUT    /api/v1/iam/role-admin/{id}                          oa:iam:admin
PUT    /api/v1/iam/role-admin/{id}/inheritance              oa:iam:admin
PUT    /api/v1/iam/role-admin/{id}/permissions              oa:iam:admin
PUT    /api/v1/org/employees/{employeeId}                   oa:employee:update
PUT    /api/v1/org/employees/{employeeId}/reporting-line    oa:employee:transfer
PUT    /api/v1/org/units/{orgId}                            oa:org:update
PUT    /api/v1/org/units/{orgId}/parent                     oa:org:move
