# class#method MODE permission table module alias
com.lrj.oa.admin.application.AssetService#claim SCOPED oa:asset:claim oa_admin.asset admin a
com.lrj.oa.admin.application.AssetService#giveBack SCOPED oa:asset:claim oa_admin.asset admin a
com.lrj.oa.admin.application.AssetService#listAssets SCOPED oa:asset:read oa_admin.asset admin a
com.lrj.oa.admin.application.RoomBookingService#bookingsOf SCOPED oa:room:book oa_admin.room_booking admin b
com.lrj.oa.admin.application.VehicleVisitorService#checkIn SCOPED oa:visitor:manage oa_admin.visitor admin v
com.lrj.oa.admin.application.VehicleVisitorService#checkOut SCOPED oa:visitor:manage oa_admin.visitor admin v
com.lrj.oa.admin.application.VehicleVisitorService#myVisitors SCOPED oa:visitor:invite oa_admin.visitor admin v
com.lrj.oa.doc.application.KnowledgeBaseService#create OBJECT_OWNER oa:kb:write oa_doc.kb_doc - -
com.lrj.oa.doc.application.KnowledgeBaseService#explain OBJECT_ACL oa:kb:share oa_doc.kb_doc,oa_doc.kb_share - -
com.lrj.oa.doc.application.KnowledgeBaseService#listVisible OBJECT_ACL oa:kb:read oa_doc.kb_doc,oa_doc.kb_share - -
com.lrj.oa.doc.application.KnowledgeBaseService#read OBJECT_ACL oa:kb:read oa_doc.kb_doc,oa_doc.kb_share - -
com.lrj.oa.doc.application.KnowledgeBaseService#share OBJECT_ACL oa:kb:share oa_doc.kb_doc,oa_doc.kb_share - -
com.lrj.oa.doc.application.KnowledgeBaseService#update OBJECT_ACL oa:kb:read oa_doc.kb_doc,oa_doc.kb_share - -
com.lrj.oa.doc.application.OfficialDocService#archive SCOPED oa:doc:archive oa_doc.official_doc doc d
com.lrj.oa.doc.application.OfficialDocService#issue SCOPED oa:doc:issue oa_doc.official_doc doc d
com.lrj.oa.doc.application.OfficialDocService#search SCOPED oa:doc:read oa_doc.official_doc doc d
com.lrj.oa.flow.application.BusinessDocService#myDocs OBJECT_OWNER oa:doc-flow:submit oa_flow.business_doc - -
com.lrj.oa.flow.application.BusinessDocService#submit OBJECT_OWNER oa:doc-flow:submit oa_flow.business_doc - -
com.lrj.oa.flow.application.BusinessDocService#supportedTypes OBJECT_RESOURCE oa:doc-flow:submit oa_flow.form_template,oa_flow.approval_level_rule - -
com.lrj.oa.flow.application.LeaveService#findByNo OBJECT_DATA_SCOPE oa:leave:view oa_flow.leave_request - -
com.lrj.oa.flow.application.WorkbenchService#myApplications OBJECT_OWNER oa:flow:todo:view oa_flow.leave_request,oa_flow.business_doc - -
com.lrj.oa.iam.application.GrantService#explainSources OBJECT_RESOURCE oa:iam:admin oa_iam.grant_record,oa_iam.role,oa_iam.permission,oa_org.employee - -
com.lrj.oa.iam.web.RoleController#catalog OBJECT_RESOURCE oa:iam:view oa_iam.permission - -
com.lrj.oa.iam.web.RoleController#myElevations OBJECT_OWNER oa:iam:elevate oa_iam.grant_record,oa_iam.role - -
com.lrj.oa.iam.web.RoleController#myRoles OBJECT_OWNER oa:iam:elevate oa_iam.role,oa_iam.grant_record - -
com.lrj.oa.iam.web.RoleController#roles OBJECT_RESOURCE oa:iam:view oa_iam.role - -
com.lrj.oa.org.application.DirectoryService#changedSince SCOPED oa:employee:view oa_org.v_employee_directory org t
com.lrj.oa.org.application.DirectoryService#countVisible SCOPED oa:employee:view oa_org.v_employee_directory org t
com.lrj.oa.org.application.DirectoryService#page SCOPED oa:employee:view oa_org.v_employee_directory org t
com.lrj.oa.org.application.DirectoryService#search SCOPED oa:employee:view oa_org.v_employee_directory org t
com.lrj.oa.report.application.DashboardService#approvalEfficiency SCOPED oa:report:view oa_sys.v_approval_efficiency_scoped report a
com.lrj.oa.report.application.DashboardService#assetSummary SCOPED oa:report:view oa_sys.v_asset_summary_scoped report a
com.lrj.oa.report.application.DashboardService#attendanceSummary SCOPED oa:report:view oa_sys.v_attendance_summary_scoped report a
com.lrj.oa.report.application.DashboardService#headcount SCOPED oa:report:view oa_sys.v_headcount report h
